test tewst

geegg
